ERC report (2026-10-03T17:34:58, Encoding UTF8)
Report includes: Errors, Warnings

***** Sheet /
[pin_not_connected]: Pin not connected
    ; error
    @(43.18 mm, 107.95 mm): Symbol R7 Pin 1 [Passive, Line]
[pin_not_connected]: Pin not connected
    ; error
    @(48.26 mm, 111.76 mm): Symbol U2 Pin 1 [EN, Input, Line]
[pin_not_driven]: Input pin not driven by any Output pins
    ; error
    @(48.26 mm, 111.76 mm): Symbol U2 Pin 1 [EN, Input, Line]
[power_pin_not_driven]: Input Power pin not driven by any Output Power pins
    ; error
    @(99.06 mm, 58.42 mm): Symbol U1 Pin 5 [VIN, Power input, Line]
[pin_not_connected]: Pin not connected
    ; error
    @(99.06 mm, 73.66 mm): Symbol U1 Pin 15 [~{STDBY}, Open collector, Line]
[pin_not_connected]: Pin not connected
    ; error
    @(193.04 mm, 123.19 mm): Symbol D7 Pin 1 [K, Passive, Line]
[pin_to_pin]: Pins of type Power output and Power output are connected
    ; error
    @(195.58 mm, 116.84 mm): Symbol #FLG103 Pin 1 [Power output, Line]
    @(182.88 mm, 116.84 mm): Symbol U3 Pin 2 [VOUT, Power output, Line]
[pin_not_connected]: Pin not connected
    ; error
    @(204.47 mm, 60.96 mm): Symbol D4 Pin 1 [K, Passive, Line]
[pin_not_connected]: Pin not connected
    ; error
    @(212.09 mm, 60.96 mm): Symbol D4 Pin 2 [A, Passive, Line]
[isolated_pin_label]: Label connected to only one pin
    ; warning
    @(27.94 mm, 60.96 mm): Global Label 'CELL_MID'
[footprint_link_issues]: Footprint 'TerminalBlock_bornier-2_P5.08mm' not found in library 'TerminalBlock'
    ; warning
    @(40.64 mm, 45.72 mm): Symbol J1 [Conn_01x02]
[unconnected_wire_endpoint]: Unconnected wire endpoint
    ; warning
    @(48.26 mm, 111.76 mm): Horizontal Wire, length 5.08 mm
[lib_symbol_issues]: The current configuration does not include the symbol library 'terrascout_custom'
    ; warning
    @(60.96 mm, 119.38 mm): Symbol U2 [MP1584EN]
[lib_symbol_issues]: The current configuration does not include the symbol library 'terrascout_custom'
    ; warning
    @(114.30 mm, 60.96 mm): Symbol U1 [TP5100]
[lib_symbol_issues]: The current configuration does not include the symbol library 'terrascout_custom'
    ; warning
    @(172.72 mm, 116.84 mm): Symbol U3 [AMS1117-3.3]
[unconnected_wire_endpoint]: Unconnected wire endpoint
    ; warning
    @(208.28 mm, 50.80 mm): Vertical Wire, length 6.35 mm
[footprint_link_issues]: Footprint 'D_SOT-23_ANK' not found in library 'Diode_SMD'
    ; warning
    @(208.28 mm, 60.96 mm): Symbol D4 [D_Zener]
[unconnected_wire_endpoint]: Unconnected wire endpoint
    ; warning
    @(208.28 mm, 64.77 mm): Vertical Wire, length 3.81 mm
[lib_symbol_issues]: The current configuration does not include the symbol library 'terrascout_custom'
    ; warning
    @(213.36 mm, 50.80 mm): Symbol Q1 [AO3401A]
[footprint_link_issues]: Footprint 'SW_Slide_1P2T_SS-12D00G3' not found in library 'Button_Switch_THT'
    ; warning
    @(261.62 mm, 45.72 mm): Symbol SW1 [SW_SPDT]

 ** ERC messages: 20  Errors 9  Warnings 11

 ** Ignored checks:
    - Global label only appears once in the schematic
    - Four connection points are joined together
    - SPICE model issue
    - Assigned footprint doesn't match footprint filters
